// Vitest Snapshot v1, https://vitest.dev/guide/snapshot.html

exports[`published binding example > establishes every documented relationship through the real adapter 1`] = `
[
  {
    "code": "OPENAI_RUNTIME_RELATIONSHIP_UNVERIFIED",
    "details": {
      "reason": "unsupported-source-pattern",
      "relationship": "tool-implementation",
    },
    "entity": {
      "adapterId": "openai",
      "agentId": "support",
      "capabilityId": "find-order",
      "capabilityKind": "tool",
    },
    "path": "/src/find-order.ts",
  },
]
`;
